
> reverse-inheritance-2025@0.1.0 dev
> next dev --turbopack

 ⚠ Warning: Next.js inferred your workspace root, but it may not be correct.
 We detected multiple lockfiles and selected the directory of /Users/thibaultjaigu/yarn.lock as the root directory.
 To silence this warning, set `turbopack.root` in your Next.js config, or consider removing one of the lockfiles if it's not needed.
   See https://nextjs.org/docs/app/api-reference/config/next-config-js/turbopack#root-directory for more information.
 Detected additional lockfiles: 
   * /Users/thibaultjaigu/alex-projects/reverse-inheritance-2025/package-lock.json

   ▲ Next.js 15.5.4 (Turbopack)
   - Local:        http://localhost:3000
   - Network:      http://192.168.50.138:3000
   - Environments: .env.local

 ✓ Starting...
 ✓ Ready in 811ms
 ○ Compiling / ...
 ✓ Compiled / in 1474ms
 GET / 200 in 1697ms
 GET / 200 in 75ms
 ✓ Compiled /favicon.ico in 117ms
 GET /favicon.ico?favicon.0b3bf435.ico 200 in 383ms
 ✓ Compiled in 70ms
 ✓ Compiled in 29ms
 GET / 200 in 200ms
 GET /favicon.ico?favicon.0b3bf435.ico 200 in 228ms
 GET / 200 in 71ms
 GET /favicon.ico?favicon.0b3bf435.ico 200 in 235ms
 ✓ Compiled in 28ms
 GET / 200 in 167ms
 GET /favicon.ico?favicon.0b3bf435.ico 200 in 232ms
 ✓ Compiled in 29ms
 ✓ Compiled in 28ms
 GET / 200 in 187ms
 GET /favicon.ico?favicon.0b3bf435.ico 200 in 230ms
 ✓ Compiled in 51ms
 GET / 200 in 208ms
 GET /favicon.ico?favicon.0b3bf435.ico 200 in 229ms
 GET / 200 in 60ms
 ✓ Compiled in 52ms
 GET /favicon.ico?favicon.0b3bf435.ico 200 in 227ms
 ✓ Compiled in 26ms
 GET / 200 in 176ms
 GET /favicon.ico?favicon.0b3bf435.ico 200 in 227ms
 GET / 200 in 66ms
 GET /favicon.ico?favicon.0b3bf435.ico 200 in 228ms
 GET /favicon.ico?favicon.0b3bf435.ico 200 in 234ms
 ✓ Compiled in 30ms
 GET / 200 in 180ms
 GET /favicon.ico?favicon.0b3bf435.ico 200 in 224ms
 GET / 200 in 67ms
 GET /favicon.ico?favicon.0b3bf435.ico 200 in 226ms
 ✓ Compiled in 56ms
 ✓ Compiled in 28ms
 GET / 200 in 199ms
 GET /favicon.ico?favicon.0b3bf435.ico 200 in 227ms
 GET / 200 in 48ms
 GET /favicon.ico?favicon.0b3bf435.ico 200 in 230ms
 GET / 200 in 69ms
 GET /favicon.ico?favicon.0b3bf435.ico 200 in 234ms
 ✓ Compiled in 31ms
 ✓ Compiled in 30ms
 GET / 200 in 204ms
 GET /favicon.ico?favicon.0b3bf435.ico 200 in 225ms
 GET /favicon.ico?favicon.0b3bf435.ico 200 in 222ms
 GET / 200 in 46ms
 GET /favicon.ico?favicon.0b3bf435.ico 200 in 227ms
 ✓ Compiled in 27ms
 ✓ Compiled in 25ms
 GET / 200 in 204ms
 GET /favicon.ico?favicon.0b3bf435.ico 200 in 224ms
 ✓ Compiled in 36ms
 GET / 200 in 205ms
 GET /favicon.ico?favicon.0b3bf435.ico 200 in 227ms
 GET / 200 in 73ms
 GET /favicon.ico?favicon.0b3bf435.ico 200 in 227ms
 GET /favicon.ico?favicon.0b3bf435.ico 200 in 228ms
 GET /favicon.ico?favicon.0b3bf435.ico 200 in 220ms
 GET / 200 in 55ms
 GET /favicon.ico?favicon.0b3bf435.ico 200 in 250ms
 GET / 200 in 42ms
 GET /favicon.ico?favicon.0b3bf435.ico 200 in 227ms
 GET / 200 in 67ms
 GET /favicon.ico?favicon.0b3bf435.ico 200 in 227ms
 GET / 200 in 50ms
 GET /favicon.ico?favicon.0b3bf435.ico 200 in 225ms
 GET / 200 in 67ms
 GET /favicon.ico?favicon.0b3bf435.ico 200 in 229ms
 GET / 200 in 66ms
 GET /favicon.ico?favicon.0b3bf435.ico 200 in 226ms
 GET / 200 in 48ms
 GET /favicon.ico?favicon.0b3bf435.ico 200 in 231ms
 GET / 200 in 71ms
 GET /favicon.ico?favicon.0b3bf435.ico 200 in 237ms
